// Jest Snapshot v1, https://goo.gl/fbAQLP

exports[`get asset info 1`] = `
Object {
  "createdAt": "2018-06-20T00:00:00.000Z",
  "description": "avocado",
  "fingerprint": Object {
    "data": Array [
      35,
      122,
      66,
      155,
      220,
      197,
      105,
      47,
      136,
      135,
      201,
      47,
      134,
      152,
      229,
      18,
      143,
      194,
      139,
      71,
      141,
      188,
      160,
      57,
      94,
      212,
      87,
      195,
      244,
      84,
      148,
      134,
    ],
    "type": "Buffer",
  },
  "height": 150,
  "ipfs": Object {
    "data": Array [
      18,
      32,
      249,
      83,
      215,
      220,
      151,
      195,
      86,
      134,
      174,
      153,
      52,
      218,
      148,
      108,
      207,
      215,
      193,
      12,
      176,
      223,
      156,
      40,
      136,
      84,
      176,
      229,
      113,
      203,
      60,
      11,
      227,
      17,
    ],
    "type": "Buffer",
  },
  "ipld": Object {
    "data": Array [
      130,
      221,
      253,
      236,
      238,
      23,
      106,
      29,
      179,
      135,
      73,
      46,
      61,
      176,
      137,
      202,
      222,
      163,
      184,
      226,
      250,
      81,
      40,
      39,
      22,
      245,
      81,
      65,
      99,
      15,
      147,
      143,
      177,
      24,
      160,
      60,
    ],
    "type": "Buffer",
  },
  "license": "cc0",
  "updatedAt": "2018-06-20T00:00:00.000Z",
  "url": "http://localhost:8080/ipfs/Qmf7vNrdmATNyVsHc2znm8udUmkXij9sHEXDf8VKXFGzME",
  "wallet": "address 1",
  "width": 200,
}
`;
